// Jest Snapshot v1, https://jestjs.io/docs/snapshot-testing

exports[`EnhancedProfileStatisticsDashboard should match snapshot in loading state 1`] = `
<div>
  <div
    class="MuiBox-root css-17772hy"
  >
    <span
      class="MuiCircularProgress-root MuiCircularProgress-indeterminate MuiCircularProgress-colorPrimary css-1wxecgq-MuiCircularProgress-root"
      role="progressbar"
      style="width: 40px; height: 40px;"
    >
      <svg
        class="MuiCircularProgress-svg css-54pwck-MuiCircularProgress-svg"
        viewBox="22 22 44 44"
      >
        <circle
          class="MuiCircularProgress-circle MuiCircularProgress-circleIndeterminate css-19t5dcl-MuiCircularProgress-circle"
          cx="44"
          cy="44"
          fill="none"
          r="20.2"
          stroke-width="3.6"
        />
      </svg>
    </span>
  </div>
</div>
`;

exports[`EnhancedProfileStatisticsDashboard should match snapshot with empty show progress 1`] = `
<div>
  <div
    data-testid="base-dashboard"
  >
    <h1>
      Viewing Statistics
    </h1>
    <div>
      Summary
    </div>
    <div
      class="MuiGrid-root MuiGrid-direction-xs-row MuiGrid-grid-xs-12 css-yqiqnf-MuiGrid-root"
    >
      <div
        class="MuiStack-root css-1ki9ld0-MuiStack-root"
      >
        <p
          class="MuiTypography-root MuiTypography-body2 css-15xe0i8-MuiTypography-root"
        >
          Jump to:
        </p>
        <div
          class="MuiButtonBase-root MuiChip-root MuiChip-filled MuiChip-sizeSmall MuiChip-colorDefault MuiChip-clickable MuiChip-clickableColorDefault MuiChip-filledDefault css-60cosn-MuiButtonBase-root-MuiChip-root"
          role="button"
          tabindex="0"
        >
          <span
            class="MuiChip-label MuiChip-labelSmall css-eccknh-MuiChip-label"
          >
            🏆 Milestones & Achievements
          </span>
        </div>
        <div
          class="MuiButtonBase-root MuiChip-root MuiChip-filled MuiChip-sizeSmall MuiChip-colorDefault MuiChip-clickable MuiChip-clickableColorDefault MuiChip-filledDefault css-60cosn-MuiButtonBase-root-MuiChip-root"
          role="button"
          tabindex="0"
        >
          <span
            class="MuiChip-label MuiChip-labelSmall css-eccknh-MuiChip-label"
          >
            📊 Progress & Activity
          </span>
        </div>
        <div
          class="MuiButtonBase-root MuiChip-root MuiChip-filled MuiChip-sizeSmall MuiChip-colorDefault MuiChip-clickable MuiChip-clickableColorDefault MuiChip-filledDefault css-60cosn-MuiButtonBase-root-MuiChip-root"
          role="button"
          tabindex="0"
        >
          <span
            class="MuiChip-label MuiChip-labelSmall css-eccknh-MuiChip-label"
          >
            📺 Viewing Patterns
          </span>
        </div>
        <div
          class="MuiButtonBase-root MuiChip-root MuiChip-filled MuiChip-sizeSmall MuiChip-colorDefault MuiChip-clickable MuiChip-clickableColorDefault MuiChip-filledDefault css-60cosn-MuiButtonBase-root-MuiChip-root"
          role="button"
          tabindex="0"
        >
          <span
            class="MuiChip-label MuiChip-labelSmall css-eccknh-MuiChip-label"
          >
            💡 Content Insights
          </span>
        </div>
        <div
          class="MuiButtonBase-root MuiChip-root MuiChip-filled MuiChip-sizeSmall MuiChip-colorDefault MuiChip-clickable MuiChip-clickableColorDefault MuiChip-filledDefault css-60cosn-MuiButtonBase-root-MuiChip-root"
          role="button"
          tabindex="0"
        >
          <span
            class="MuiChip-label MuiChip-labelSmall css-eccknh-MuiChip-label"
          >
            📋 Content Management
          </span>
        </div>
      </div>
    </div>
    <div
      class="MuiGrid-root MuiGrid-direction-xs-row MuiGrid-grid-xs-12 css-yqiqnf-MuiGrid-root"
    >
      <div
        class="MuiPaper-root MuiPaper-elevation MuiPaper-rounded MuiPaper-elevation1 MuiAccordion-root MuiAccordion-rounded Mui-expanded MuiAccordion-gutters css-1s17i05-MuiPaper-root-MuiAccordion-root"
        style="--Paper-shadow: 0px 2px 1px -1px rgba(0,0,0,0.2),0px 1px 1px 0px rgba(0,0,0,0.14),0px 1px 3px 0px rgba(0,0,0,0.12);"
      >
        <h3
          class="MuiAccordion-heading css-cy7rkm-MuiAccordion-heading"
        >
          <button
            aria-expanded="true"
            class="MuiButtonBase-root MuiAccordionSummary-root Mui-expanded MuiAccordionSummary-gutters css-1f1pi2l-MuiButtonBase-root-MuiAccordionSummary-root"
            tabindex="0"
            type="button"
          >
            <span
              class="MuiAccordionSummary-content Mui-expanded MuiAccordionSummary-contentGutters css-yfrx4k-MuiAccordionSummary-content"
            >
              <h6
                class="MuiTypography-root MuiTypography-h6 css-1miy0lu-MuiTypography-root"
              >
                🏆 Milestones & Achievements
              </h6>
            </span>
            <span
              class="MuiAccordionSummary-expandIconWrapper Mui-expanded css-1wqf3nl-MuiAccordionSummary-expandIconWrapper"
            >
              <svg
                aria-hidden="true"
                class="MuiSvgIcon-root MuiSvgIcon-fontSizeMedium css-1umw9bq-MuiSvgIcon-root"
                data-testid="ExpandMoreIcon"
                focusable="false"
                viewBox="0 0 24 24"
              >
                <path
                  d="M16.59 8.59 12 13.17 7.41 8.59 6 10l6 6 6-6z"
                />
              </svg>
            </span>
          </button>
        </h3>
        <div
          class="MuiCollapse-root MuiCollapse-vertical MuiCollapse-entered css-qr6njo-MuiCollapse-root"
          style="min-height: 0px;"
        >
          <div
            class="MuiCollapse-wrapper MuiCollapse-vertical css-1x6hinx-MuiCollapse-wrapper"
          >
            <div
              class="MuiCollapse-wrapperInner MuiCollapse-vertical css-1i4ywhz-MuiCollapse-wrapperInner"
            >
              <div
                class="MuiAccordion-region css-at4ued-MuiAccordion-region"
                role="region"
              >
                <div
                  class="MuiAccordionDetails-root css-1lj39kh-MuiAccordionDetails-root"
                >
                  <div
                    class="MuiGrid-root MuiGrid-container MuiGrid-direction-xs-row MuiGrid-spacing-xs-2 css-zjhuaj-MuiGrid-root"
                  >
                    <div
                      class="MuiGrid-root MuiGrid-direction-xs-row MuiGrid-grid-xs-12 css-yqiqnf-MuiGrid-root"
                    >
                      <div
                        data-testid="milestones-card"
                      >
                        Milestones: 
                        Data
                      </div>
                    </div>
                  </div>
                </div>
              </div>
            </div>
          </div>
        </div>
      </div>
    </div>
    <div
      class="MuiGrid-root MuiGrid-direction-xs-row MuiGrid-grid-xs-12 css-yqiqnf-MuiGrid-root"
    >
      <div
        class="MuiPaper-root MuiPaper-elevation MuiPaper-rounded MuiPaper-elevation1 MuiAccordion-root MuiAccordion-rounded Mui-expanded MuiAccordion-gutters css-1s17i05-MuiPaper-root-MuiAccordion-root"
        style="--Paper-shadow: 0px 2px 1px -1px rgba(0,0,0,0.2),0px 1px 1px 0px rgba(0,0,0,0.14),0px 1px 3px 0px rgba(0,0,0,0.12);"
      >
        <h3
          class="MuiAccordion-heading css-cy7rkm-MuiAccordion-heading"
        >
          <button
            aria-expanded="true"
            class="MuiButtonBase-root MuiAccordionSummary-root Mui-expanded MuiAccordionSummary-gutters css-1f1pi2l-MuiButtonBase-root-MuiAccordionSummary-root"
            tabindex="0"
            type="button"
          >
            <span
              class="MuiAccordionSummary-content Mui-expanded MuiAccordionSummary-contentGutters css-yfrx4k-MuiAccordionSummary-content"
            >
              <h6
                class="MuiTypography-root MuiTypography-h6 css-1miy0lu-MuiTypography-root"
              >
                📊 Progress & Activity
              </h6>
            </span>
            <span
              class="MuiAccordionSummary-expandIconWrapper Mui-expanded css-1wqf3nl-MuiAccordionSummary-expandIconWrapper"
            >
              <svg
                aria-hidden="true"
                class="MuiSvgIcon-root MuiSvgIcon-fontSizeMedium css-1umw9bq-MuiSvgIcon-root"
                data-testid="ExpandMoreIcon"
                focusable="false"
                viewBox="0 0 24 24"
              >
                <path
                  d="M16.59 8.59 12 13.17 7.41 8.59 6 10l6 6 6-6z"
                />
              </svg>
            </span>
          </button>
        </h3>
        <div
          class="MuiCollapse-root MuiCollapse-vertical MuiCollapse-entered css-qr6njo-MuiCollapse-root"
          style="min-height: 0px;"
        >
          <div
            class="MuiCollapse-wrapper MuiCollapse-vertical css-1x6hinx-MuiCollapse-wrapper"
          >
            <div
              class="MuiCollapse-wrapperInner MuiCollapse-vertical css-1i4ywhz-MuiCollapse-wrapperInner"
            >
              <div
                class="MuiAccordion-region css-at4ued-MuiAccordion-region"
                role="region"
              >
                <div
                  class="MuiAccordionDetails-root css-1lj39kh-MuiAccordionDetails-root"
                >
                  <div
                    class="MuiGrid-root MuiGrid-container MuiGrid-direction-xs-row MuiGrid-spacing-xs-2 css-zjhuaj-MuiGrid-root"
                  >
                    <div
                      class="MuiGrid-root MuiGrid-direction-xs-row MuiGrid-grid-xs-12 MuiGrid-grid-lg-6 css-gdzu2g-MuiGrid-root"
                    >
                      <div
                        data-testid="show-progress"
                      >
                        Active Shows Progress
                        : 
                        0
                         shows, Filters: 
                        WATCHING,UP_TO_DATE
                      </div>
                    </div>
                    <div
                      class="MuiGrid-root MuiGrid-direction-xs-row MuiGrid-grid-xs-12 MuiGrid-grid-lg-6 css-gdzu2g-MuiGrid-root"
                    >
                      <div
                        data-testid="velocity-card"
                      >
                        Velocity: 
                        Data
                      </div>
                    </div>
                    <div
                      class="MuiGrid-root MuiGrid-direction-xs-row MuiGrid-grid-xs-12 css-yqiqnf-MuiGrid-root"
                    >
                      <div
                        data-testid="timeline-chart"
                      >
                        Timeline: 
                        Data
                      </div>
                    </div>
                  </div>
                </div>
              </div>
            </div>
          </div>
        </div>
      </div>
    </div>
    <div
      class="MuiGrid-root MuiGrid-direction-xs-row MuiGrid-grid-xs-12 css-yqiqnf-MuiGrid-root"
    >
      <div
        class="MuiPaper-root MuiPaper-elevation MuiPaper-rounded MuiPaper-elevation1 MuiAccordion-root MuiAccordion-rounded MuiAccordion-gutters css-1s17i05-MuiPaper-root-MuiAccordion-root"
        style="--Paper-shadow: 0px 2px 1px -1px rgba(0,0,0,0.2),0px 1px 1px 0px rgba(0,0,0,0.14),0px 1px 3px 0px rgba(0,0,0,0.12);"
      >
        <h3
          class="MuiAccordion-heading css-cy7rkm-MuiAccordion-heading"
        >
          <button
            aria-expanded="false"
            class="MuiButtonBase-root MuiAccordionSummary-root MuiAccordionSummary-gutters css-1f1pi2l-MuiButtonBase-root-MuiAccordionSummary-root"
            tabindex="0"
            type="button"
          >
            <span
              class="MuiAccordionSummary-content MuiAccordionSummary-contentGutters css-yfrx4k-MuiAccordionSummary-content"
            >
              <h6
                class="MuiTypography-root MuiTypography-h6 css-1miy0lu-MuiTypography-root"
              >
                📺 Viewing Patterns
              </h6>
            </span>
            <span
              class="MuiAccordionSummary-expandIconWrapper css-1wqf3nl-MuiAccordionSummary-expandIconWrapper"
            >
              <svg
                aria-hidden="true"
                class="MuiSvgIcon-root MuiSvgIcon-fontSizeMedium css-1umw9bq-MuiSvgIcon-root"
                data-testid="ExpandMoreIcon"
                focusable="false"
                viewBox="0 0 24 24"
              >
                <path
                  d="M16.59 8.59 12 13.17 7.41 8.59 6 10l6 6 6-6z"
                />
              </svg>
            </span>
          </button>
        </h3>
        <div
          class="MuiCollapse-root MuiCollapse-vertical MuiCollapse-hidden css-cwrbtg-MuiCollapse-root"
          style="min-height: 0px;"
        >
          <div
            class="MuiCollapse-wrapper MuiCollapse-vertical css-1x6hinx-MuiCollapse-wrapper"
          >
            <div
              class="MuiCollapse-wrapperInner MuiCollapse-vertical css-1i4ywhz-MuiCollapse-wrapperInner"
            >
              <div
                class="MuiAccordion-region css-at4ued-MuiAccordion-region"
                role="region"
              >
                <div
                  class="MuiAccordionDetails-root css-1lj39kh-MuiAccordionDetails-root"
                >
                  <div
                    class="MuiGrid-root MuiGrid-container MuiGrid-direction-xs-row MuiGrid-spacing-xs-2 css-zjhuaj-MuiGrid-root"
                  >
                    <div
                      class="MuiGrid-root MuiGrid-direction-xs-row MuiGrid-grid-xs-12 MuiGrid-grid-lg-6 css-gdzu2g-MuiGrid-root"
                    >
                      <div
                        data-testid="binge-card"
                      >
                        Binge: 
                        Data
                      </div>
                    </div>
                    <div
                      class="MuiGrid-root MuiGrid-direction-xs-row MuiGrid-grid-xs-12 MuiGrid-grid-lg-6 css-gdzu2g-MuiGrid-root"
                    >
                      <div
                        data-testid="streak-card"
                      >
                        Streak: 
                        Data
                      </div>
                    </div>
                    <div
                      class="MuiGrid-root MuiGrid-direction-xs-row MuiGrid-grid-xs-12 MuiGrid-grid-lg-6 css-gdzu2g-MuiGrid-root"
                    >
                      <div
                        data-testid="seasonal-card"
                      >
                        Seasonal: 
                        Data
                      </div>
                    </div>
                  </div>
                </div>
              </div>
            </div>
          </div>
        </div>
      </div>
    </div>
    <div
      class="MuiGrid-root MuiGrid-direction-xs-row MuiGrid-grid-xs-12 css-yqiqnf-MuiGrid-root"
    >
      <div
        class="MuiPaper-root MuiPaper-elevation MuiPaper-rounded MuiPaper-elevation1 MuiAccordion-root MuiAccordion-rounded MuiAccordion-gutters css-1s17i05-MuiPaper-root-MuiAccordion-root"
        style="--Paper-shadow: 0px 2px 1px -1px rgba(0,0,0,0.2),0px 1px 1px 0px rgba(0,0,0,0.14),0px 1px 3px 0px rgba(0,0,0,0.12);"
      >
        <h3
          class="MuiAccordion-heading css-cy7rkm-MuiAccordion-heading"
        >
          <button
            aria-expanded="false"
            class="MuiButtonBase-root MuiAccordionSummary-root MuiAccordionSummary-gutters css-1f1pi2l-MuiButtonBase-root-MuiAccordionSummary-root"
            tabindex="0"
            type="button"
          >
            <span
              class="MuiAccordionSummary-content MuiAccordionSummary-contentGutters css-yfrx4k-MuiAccordionSummary-content"
            >
              <h6
                class="MuiTypography-root MuiTypography-h6 css-1miy0lu-MuiTypography-root"
              >
                💡 Content Insights
              </h6>
            </span>
            <span
              class="MuiAccordionSummary-expandIconWrapper css-1wqf3nl-MuiAccordionSummary-expandIconWrapper"
            >
              <svg
                aria-hidden="true"
                class="MuiSvgIcon-root MuiSvgIcon-fontSizeMedium css-1umw9bq-MuiSvgIcon-root"
                data-testid="ExpandMoreIcon"
                focusable="false"
                viewBox="0 0 24 24"
              >
                <path
                  d="M16.59 8.59 12 13.17 7.41 8.59 6 10l6 6 6-6z"
                />
              </svg>
            </span>
          </button>
        </h3>
        <div
          class="MuiCollapse-root MuiCollapse-vertical MuiCollapse-hidden css-cwrbtg-MuiCollapse-root"
          style="min-height: 0px;"
        >
          <div
            class="MuiCollapse-wrapper MuiCollapse-vertical css-1x6hinx-MuiCollapse-wrapper"
          >
            <div
              class="MuiCollapse-wrapperInner MuiCollapse-vertical css-1i4ywhz-MuiCollapse-wrapperInner"
            >
              <div
                class="MuiAccordion-region css-at4ued-MuiAccordion-region"
                role="region"
              >
                <div
                  class="MuiAccordionDetails-root css-1lj39kh-MuiAccordionDetails-root"
                >
                  <div
                    class="MuiGrid-root MuiGrid-container MuiGrid-direction-xs-row MuiGrid-spacing-xs-2 css-zjhuaj-MuiGrid-root"
                  >
                    <div
                      class="MuiGrid-root MuiGrid-direction-xs-row MuiGrid-grid-xs-12 MuiGrid-grid-lg-6 css-gdzu2g-MuiGrid-root"
                    >
                      <div
                        data-testid="content-depth"
                      >
                        Depth: 
                        Data
                      </div>
                    </div>
                    <div
                      class="MuiGrid-root MuiGrid-direction-xs-row MuiGrid-grid-xs-12 MuiGrid-grid-lg-6 css-gdzu2g-MuiGrid-root"
                    >
                      <div
                        data-testid="content-discovery"
                      >
                        Discovery: 
                        Data
                      </div>
                    </div>
                    <div
                      class="MuiGrid-root MuiGrid-direction-xs-row MuiGrid-grid-xs-12 MuiGrid-grid-lg-6 css-gdzu2g-MuiGrid-root"
                    >
                      <div
                        data-testid="time-to-watch"
                      >
                        TimeToWatch: 
                        Data
                      </div>
                    </div>
                    <div
                      class="MuiGrid-root MuiGrid-direction-xs-row MuiGrid-grid-xs-12 MuiGrid-grid-lg-6 css-gdzu2g-MuiGrid-root"
                    >
                      <div
                        data-testid="backlog-card"
                      >
                        Backlog: 
                        Data
                      </div>
                    </div>
                  </div>
                </div>
              </div>
            </div>
          </div>
        </div>
      </div>
    </div>
    <div
      class="MuiGrid-root MuiGrid-direction-xs-row MuiGrid-grid-xs-12 css-yqiqnf-MuiGrid-root"
    >
      <div
        class="MuiPaper-root MuiPaper-elevation MuiPaper-rounded MuiPaper-elevation1 MuiAccordion-root MuiAccordion-rounded MuiAccordion-gutters css-1s17i05-MuiPaper-root-MuiAccordion-root"
        style="--Paper-shadow: 0px 2px 1px -1px rgba(0,0,0,0.2),0px 1px 1px 0px rgba(0,0,0,0.14),0px 1px 3px 0px rgba(0,0,0,0.12);"
      >
        <h3
          class="MuiAccordion-heading css-cy7rkm-MuiAccordion-heading"
        >
          <button
            aria-expanded="false"
            class="MuiButtonBase-root MuiAccordionSummary-root MuiAccordionSummary-gutters css-1f1pi2l-MuiButtonBase-root-MuiAccordionSummary-root"
            tabindex="0"
            type="button"
          >
            <span
              class="MuiAccordionSummary-content MuiAccordionSummary-contentGutters css-yfrx4k-MuiAccordionSummary-content"
            >
              <h6
                class="MuiTypography-root MuiTypography-h6 css-1miy0lu-MuiTypography-root"
              >
                📋 Content Management
              </h6>
            </span>
            <span
              class="MuiAccordionSummary-expandIconWrapper css-1wqf3nl-MuiAccordionSummary-expandIconWrapper"
            >
              <svg
                aria-hidden="true"
                class="MuiSvgIcon-root MuiSvgIcon-fontSizeMedium css-1umw9bq-MuiSvgIcon-root"
                data-testid="ExpandMoreIcon"
                focusable="false"
                viewBox="0 0 24 24"
              >
                <path
                  d="M16.59 8.59 12 13.17 7.41 8.59 6 10l6 6 6-6z"
                />
              </svg>
            </span>
          </button>
        </h3>
        <div
          class="MuiCollapse-root MuiCollapse-vertical MuiCollapse-hidden css-cwrbtg-MuiCollapse-root"
          style="min-height: 0px;"
        >
          <div
            class="MuiCollapse-wrapper MuiCollapse-vertical css-1x6hinx-MuiCollapse-wrapper"
          >
            <div
              class="MuiCollapse-wrapperInner MuiCollapse-vertical css-1i4ywhz-MuiCollapse-wrapperInner"
            >
              <div
                class="MuiAccordion-region css-at4ued-MuiAccordion-region"
                role="region"
              >
                <div
                  class="MuiAccordionDetails-root css-1lj39kh-MuiAccordionDetails-root"
                >
                  <div
                    class="MuiGrid-root MuiGrid-container MuiGrid-direction-xs-row MuiGrid-spacing-xs-2 css-zjhuaj-MuiGrid-root"
                  >
                    <div
                      class="MuiGrid-root MuiGrid-direction-xs-row MuiGrid-grid-xs-12 MuiGrid-grid-lg-6 css-gdzu2g-MuiGrid-root"
                    >
                      <div
                        data-testid="abandonment-card"
                      >
                        Abandonment: 
                        Data
                      </div>
                    </div>
                    <div
                      class="MuiGrid-root MuiGrid-direction-xs-row MuiGrid-grid-xs-12 MuiGrid-grid-lg-6 css-gdzu2g-MuiGrid-root"
                    >
                      <div
                        data-testid="unaired-content"
                      >
                        Unaired: 
                        Data
                      </div>
                    </div>
                  </div>
                </div>
              </div>
            </div>
          </div>
        </div>
      </div>
    </div>
  </div>
</div>
`;

exports[`EnhancedProfileStatisticsDashboard should match snapshot with enhanced stats loading 1`] = `
<div>
  <div
    data-testid="base-dashboard"
  >
    <h1>
      Viewing Statistics
    </h1>
    <div>
      Summary
    </div>
    <div
      class="MuiGrid-root MuiGrid-direction-xs-row MuiGrid-grid-xs-12 css-yqiqnf-MuiGrid-root"
    >
      <div
        class="MuiStack-root css-1ki9ld0-MuiStack-root"
      >
        <p
          class="MuiTypography-root MuiTypography-body2 css-15xe0i8-MuiTypography-root"
        >
          Jump to:
        </p>
        <div
          class="MuiButtonBase-root MuiChip-root MuiChip-filled MuiChip-sizeSmall MuiChip-colorDefault MuiChip-clickable MuiChip-clickableColorDefault MuiChip-filledDefault css-60cosn-MuiButtonBase-root-MuiChip-root"
          role="button"
          tabindex="0"
        >
          <span
            class="MuiChip-label MuiChip-labelSmall css-eccknh-MuiChip-label"
          >
            🏆 Milestones & Achievements
          </span>
        </div>
        <div
          class="MuiButtonBase-root MuiChip-root MuiChip-filled MuiChip-sizeSmall MuiChip-colorDefault MuiChip-clickable MuiChip-clickableColorDefault MuiChip-filledDefault css-60cosn-MuiButtonBase-root-MuiChip-root"
          role="button"
          tabindex="0"
        >
          <span
            class="MuiChip-label MuiChip-labelSmall css-eccknh-MuiChip-label"
          >
            📊 Progress & Activity
          </span>
        </div>
        <div
          class="MuiButtonBase-root MuiChip-root MuiChip-filled MuiChip-sizeSmall MuiChip-colorDefault MuiChip-clickable MuiChip-clickableColorDefault MuiChip-filledDefault css-60cosn-MuiButtonBase-root-MuiChip-root"
          role="button"
          tabindex="0"
        >
          <span
            class="MuiChip-label MuiChip-labelSmall css-eccknh-MuiChip-label"
          >
            📺 Viewing Patterns
          </span>
        </div>
        <div
          class="MuiButtonBase-root MuiChip-root MuiChip-filled MuiChip-sizeSmall MuiChip-colorDefault MuiChip-clickable MuiChip-clickableColorDefault MuiChip-filledDefault css-60cosn-MuiButtonBase-root-MuiChip-root"
          role="button"
          tabindex="0"
        >
          <span
            class="MuiChip-label MuiChip-labelSmall css-eccknh-MuiChip-label"
          >
            💡 Content Insights
          </span>
        </div>
        <div
          class="MuiButtonBase-root MuiChip-root MuiChip-filled MuiChip-sizeSmall MuiChip-colorDefault MuiChip-clickable MuiChip-clickableColorDefault MuiChip-filledDefault css-60cosn-MuiButtonBase-root-MuiChip-root"
          role="button"
          tabindex="0"
        >
          <span
            class="MuiChip-label MuiChip-labelSmall css-eccknh-MuiChip-label"
          >
            📋 Content Management
          </span>
        </div>
      </div>
    </div>
    <div
      class="MuiGrid-root MuiGrid-direction-xs-row MuiGrid-grid-xs-12 css-yqiqnf-MuiGrid-root"
    >
      <div
        class="MuiPaper-root MuiPaper-elevation MuiPaper-rounded MuiPaper-elevation1 MuiAccordion-root MuiAccordion-rounded Mui-expanded MuiAccordion-gutters css-1s17i05-MuiPaper-root-MuiAccordion-root"
        style="--Paper-shadow: 0px 2px 1px -1px rgba(0,0,0,0.2),0px 1px 1px 0px rgba(0,0,0,0.14),0px 1px 3px 0px rgba(0,0,0,0.12);"
      >
        <h3
          class="MuiAccordion-heading css-cy7rkm-MuiAccordion-heading"
        >
          <button
            aria-expanded="true"
            class="MuiButtonBase-root MuiAccordionSummary-root Mui-expanded MuiAccordionSummary-gutters css-1f1pi2l-MuiButtonBase-root-MuiAccordionSummary-root"
            tabindex="0"
            type="button"
          >
            <span
              class="MuiAccordionSummary-content Mui-expanded MuiAccordionSummary-contentGutters css-yfrx4k-MuiAccordionSummary-content"
            >
              <h6
                class="MuiTypography-root MuiTypography-h6 css-1miy0lu-MuiTypography-root"
              >
                🏆 Milestones & Achievements
              </h6>
            </span>
            <span
              class="MuiAccordionSummary-expandIconWrapper Mui-expanded css-1wqf3nl-MuiAccordionSummary-expandIconWrapper"
            >
              <svg
                aria-hidden="true"
                class="MuiSvgIcon-root MuiSvgIcon-fontSizeMedium css-1umw9bq-MuiSvgIcon-root"
                data-testid="ExpandMoreIcon"
                focusable="false"
                viewBox="0 0 24 24"
              >
                <path
                  d="M16.59 8.59 12 13.17 7.41 8.59 6 10l6 6 6-6z"
                />
              </svg>
            </span>
          </button>
        </h3>
        <div
          class="MuiCollapse-root MuiCollapse-vertical MuiCollapse-entered css-qr6njo-MuiCollapse-root"
          style="min-height: 0px;"
        >
          <div
            class="MuiCollapse-wrapper MuiCollapse-vertical css-1x6hinx-MuiCollapse-wrapper"
          >
            <div
              class="MuiCollapse-wrapperInner MuiCollapse-vertical css-1i4ywhz-MuiCollapse-wrapperInner"
            >
              <div
                class="MuiAccordion-region css-at4ued-MuiAccordion-region"
                role="region"
              >
                <div
                  class="MuiAccordionDetails-root css-1lj39kh-MuiAccordionDetails-root"
                >
                  <div
                    class="MuiGrid-root MuiGrid-container MuiGrid-direction-xs-row MuiGrid-spacing-xs-2 css-zjhuaj-MuiGrid-root"
                  >
                    <div
                      class="MuiGrid-root MuiGrid-direction-xs-row MuiGrid-grid-xs-12 css-yqiqnf-MuiGrid-root"
                    >
                      <div>
                        Loading...
                      </div>
                    </div>
                  </div>
                </div>
              </div>
            </div>
          </div>
        </div>
      </div>
    </div>
    <div
      class="MuiGrid-root MuiGrid-direction-xs-row MuiGrid-grid-xs-12 css-yqiqnf-MuiGrid-root"
    >
      <div
        class="MuiPaper-root MuiPaper-elevation MuiPaper-rounded MuiPaper-elevation1 MuiAccordion-root MuiAccordion-rounded Mui-expanded MuiAccordion-gutters css-1s17i05-MuiPaper-root-MuiAccordion-root"
        style="--Paper-shadow: 0px 2px 1px -1px rgba(0,0,0,0.2),0px 1px 1px 0px rgba(0,0,0,0.14),0px 1px 3px 0px rgba(0,0,0,0.12);"
      >
        <h3
          class="MuiAccordion-heading css-cy7rkm-MuiAccordion-heading"
        >
          <button
            aria-expanded="true"
            class="MuiButtonBase-root MuiAccordionSummary-root Mui-expanded MuiAccordionSummary-gutters css-1f1pi2l-MuiButtonBase-root-MuiAccordionSummary-root"
            tabindex="0"
            type="button"
          >
            <span
              class="MuiAccordionSummary-content Mui-expanded MuiAccordionSummary-contentGutters css-yfrx4k-MuiAccordionSummary-content"
            >
              <h6
                class="MuiTypography-root MuiTypography-h6 css-1miy0lu-MuiTypography-root"
              >
                📊 Progress & Activity
              </h6>
            </span>
            <span
              class="MuiAccordionSummary-expandIconWrapper Mui-expanded css-1wqf3nl-MuiAccordionSummary-expandIconWrapper"
            >
              <svg
                aria-hidden="true"
                class="MuiSvgIcon-root MuiSvgIcon-fontSizeMedium css-1umw9bq-MuiSvgIcon-root"
                data-testid="ExpandMoreIcon"
                focusable="false"
                viewBox="0 0 24 24"
              >
                <path
                  d="M16.59 8.59 12 13.17 7.41 8.59 6 10l6 6 6-6z"
                />
              </svg>
            </span>
          </button>
        </h3>
        <div
          class="MuiCollapse-root MuiCollapse-vertical MuiCollapse-entered css-qr6njo-MuiCollapse-root"
          style="min-height: 0px;"
        >
          <div
            class="MuiCollapse-wrapper MuiCollapse-vertical css-1x6hinx-MuiCollapse-wrapper"
          >
            <div
              class="MuiCollapse-wrapperInner MuiCollapse-vertical css-1i4ywhz-MuiCollapse-wrapperInner"
            >
              <div
                class="MuiAccordion-region css-at4ued-MuiAccordion-region"
                role="region"
              >
                <div
                  class="MuiAccordionDetails-root css-1lj39kh-MuiAccordionDetails-root"
                >
                  <div
                    class="MuiGrid-root MuiGrid-container MuiGrid-direction-xs-row MuiGrid-spacing-xs-2 css-zjhuaj-MuiGrid-root"
                  >
                    <div
                      class="MuiGrid-root MuiGrid-direction-xs-row MuiGrid-grid-xs-12 MuiGrid-grid-lg-6 css-gdzu2g-MuiGrid-root"
                    >
                      <div
                        data-testid="show-progress"
                      >
                        Active Shows Progress
                        : 
                        2
                         shows, Filters: 
                        WATCHING,UP_TO_DATE
                      </div>
                    </div>
                    <div
                      class="MuiGrid-root MuiGrid-direction-xs-row MuiGrid-grid-xs-12 MuiGrid-grid-lg-6 css-gdzu2g-MuiGrid-root"
                    >
                      <div>
                        Loading...
                      </div>
                    </div>
                    <div
                      class="MuiGrid-root MuiGrid-direction-xs-row MuiGrid-grid-xs-12 css-yqiqnf-MuiGrid-root"
                    >
                      <div>
                        Loading...
                      </div>
                    </div>
                  </div>
                </div>
              </div>
            </div>
          </div>
        </div>
      </div>
    </div>
    <div
      class="MuiGrid-root MuiGrid-direction-xs-row MuiGrid-grid-xs-12 css-yqiqnf-MuiGrid-root"
    >
      <div
        class="MuiPaper-root MuiPaper-elevation MuiPaper-rounded MuiPaper-elevation1 MuiAccordion-root MuiAccordion-rounded MuiAccordion-gutters css-1s17i05-MuiPaper-root-MuiAccordion-root"
        style="--Paper-shadow: 0px 2px 1px -1px rgba(0,0,0,0.2),0px 1px 1px 0px rgba(0,0,0,0.14),0px 1px 3px 0px rgba(0,0,0,0.12);"
      >
        <h3
          class="MuiAccordion-heading css-cy7rkm-MuiAccordion-heading"
        >
          <button
            aria-expanded="false"
            class="MuiButtonBase-root MuiAccordionSummary-root MuiAccordionSummary-gutters css-1f1pi2l-MuiButtonBase-root-MuiAccordionSummary-root"
            tabindex="0"
            type="button"
          >
            <span
              class="MuiAccordionSummary-content MuiAccordionSummary-contentGutters css-yfrx4k-MuiAccordionSummary-content"
            >
              <h6
                class="MuiTypography-root MuiTypography-h6 css-1miy0lu-MuiTypography-root"
              >
                📺 Viewing Patterns
              </h6>
            </span>
            <span
              class="MuiAccordionSummary-expandIconWrapper css-1wqf3nl-MuiAccordionSummary-expandIconWrapper"
            >
              <svg
                aria-hidden="true"
                class="MuiSvgIcon-root MuiSvgIcon-fontSizeMedium css-1umw9bq-MuiSvgIcon-root"
                data-testid="ExpandMoreIcon"
                focusable="false"
                viewBox="0 0 24 24"
              >
                <path
                  d="M16.59 8.59 12 13.17 7.41 8.59 6 10l6 6 6-6z"
                />
              </svg>
            </span>
          </button>
        </h3>
        <div
          class="MuiCollapse-root MuiCollapse-vertical MuiCollapse-hidden css-cwrbtg-MuiCollapse-root"
          style="min-height: 0px;"
        >
          <div
            class="MuiCollapse-wrapper MuiCollapse-vertical css-1x6hinx-MuiCollapse-wrapper"
          >
            <div
              class="MuiCollapse-wrapperInner MuiCollapse-vertical css-1i4ywhz-MuiCollapse-wrapperInner"
            >
              <div
                class="MuiAccordion-region css-at4ued-MuiAccordion-region"
                role="region"
              >
                <div
                  class="MuiAccordionDetails-root css-1lj39kh-MuiAccordionDetails-root"
                >
                  <div
                    class="MuiGrid-root MuiGrid-container MuiGrid-direction-xs-row MuiGrid-spacing-xs-2 css-zjhuaj-MuiGrid-root"
                  >
                    <div
                      class="MuiGrid-root MuiGrid-direction-xs-row MuiGrid-grid-xs-12 MuiGrid-grid-lg-6 css-gdzu2g-MuiGrid-root"
                    >
                      <div>
                        Loading...
                      </div>
                    </div>
                    <div
                      class="MuiGrid-root MuiGrid-direction-xs-row MuiGrid-grid-xs-12 MuiGrid-grid-lg-6 css-gdzu2g-MuiGrid-root"
                    >
                      <div>
                        Loading...
                      </div>
                    </div>
                    <div
                      class="MuiGrid-root MuiGrid-direction-xs-row MuiGrid-grid-xs-12 MuiGrid-grid-lg-6 css-gdzu2g-MuiGrid-root"
                    >
                      <div
                        class="MuiBox-root css-11xpnnz"
                      >
                        <span
                          class="MuiCircularProgress-root MuiCircularProgress-indeterminate MuiCircularProgress-colorPrimary css-1wxecgq-MuiCircularProgress-root"
                          role="progressbar"
                          style="width: 40px; height: 40px;"
                        >
                          <svg
                            class="MuiCircularProgress-svg css-54pwck-MuiCircularProgress-svg"
                            viewBox="22 22 44 44"
                          >
                            <circle
                              class="MuiCircularProgress-circle MuiCircularProgress-circleIndeterminate css-19t5dcl-MuiCircularProgress-circle"
                              cx="44"
                              cy="44"
                              fill="none"
                              r="20.2"
                              stroke-width="3.6"
                            />
                          </svg>
                        </span>
                      </div>
                    </div>
                  </div>
                </div>
              </div>
            </div>
          </div>
        </div>
      </div>
    </div>
    <div
      class="MuiGrid-root MuiGrid-direction-xs-row MuiGrid-grid-xs-12 css-yqiqnf-MuiGrid-root"
    >
      <div
        class="MuiPaper-root MuiPaper-elevation MuiPaper-rounded MuiPaper-elevation1 MuiAccordion-root MuiAccordion-rounded MuiAccordion-gutters css-1s17i05-MuiPaper-root-MuiAccordion-root"
        style="--Paper-shadow: 0px 2px 1px -1px rgba(0,0,0,0.2),0px 1px 1px 0px rgba(0,0,0,0.14),0px 1px 3px 0px rgba(0,0,0,0.12);"
      >
        <h3
          class="MuiAccordion-heading css-cy7rkm-MuiAccordion-heading"
        >
          <button
            aria-expanded="false"
            class="MuiButtonBase-root MuiAccordionSummary-root MuiAccordionSummary-gutters css-1f1pi2l-MuiButtonBase-root-MuiAccordionSummary-root"
            tabindex="0"
            type="button"
          >
            <span
              class="MuiAccordionSummary-content MuiAccordionSummary-contentGutters css-yfrx4k-MuiAccordionSummary-content"
            >
              <h6
                class="MuiTypography-root MuiTypography-h6 css-1miy0lu-MuiTypography-root"
              >
                💡 Content Insights
              </h6>
            </span>
            <span
              class="MuiAccordionSummary-expandIconWrapper css-1wqf3nl-MuiAccordionSummary-expandIconWrapper"
            >
              <svg
                aria-hidden="true"
                class="MuiSvgIcon-root MuiSvgIcon-fontSizeMedium css-1umw9bq-MuiSvgIcon-root"
                data-testid="ExpandMoreIcon"
                focusable="false"
                viewBox="0 0 24 24"
              >
                <path
                  d="M16.59 8.59 12 13.17 7.41 8.59 6 10l6 6 6-6z"
                />
              </svg>
            </span>
          </button>
        </h3>
        <div
          class="MuiCollapse-root MuiCollapse-vertical MuiCollapse-hidden css-cwrbtg-MuiCollapse-root"
          style="min-height: 0px;"
        >
          <div
            class="MuiCollapse-wrapper MuiCollapse-vertical css-1x6hinx-MuiCollapse-wrapper"
          >
            <div
              class="MuiCollapse-wrapperInner MuiCollapse-vertical css-1i4ywhz-MuiCollapse-wrapperInner"
            >
              <div
                class="MuiAccordion-region css-at4ued-MuiAccordion-region"
                role="region"
              >
                <div
                  class="MuiAccordionDetails-root css-1lj39kh-MuiAccordionDetails-root"
                >
                  <div
                    class="MuiGrid-root MuiGrid-container MuiGrid-direction-xs-row MuiGrid-spacing-xs-2 css-zjhuaj-MuiGrid-root"
                  >
                    <div
                      class="MuiGrid-root MuiGrid-direction-xs-row MuiGrid-grid-xs-12 MuiGrid-grid-lg-6 css-gdzu2g-MuiGrid-root"
                    >
                      <div
                        class="MuiBox-root css-11xpnnz"
                      >
                        <span
                          class="MuiCircularProgress-root MuiCircularProgress-indeterminate MuiCircularProgress-colorPrimary css-1wxecgq-MuiCircularProgress-root"
                          role="progressbar"
                          style="width: 40px; height: 40px;"
                        >
                          <svg
                            class="MuiCircularProgress-svg css-54pwck-MuiCircularProgress-svg"
                            viewBox="22 22 44 44"
                          >
                            <circle
                              class="MuiCircularProgress-circle MuiCircularProgress-circleIndeterminate css-19t5dcl-MuiCircularProgress-circle"
                              cx="44"
                              cy="44"
                              fill="none"
                              r="20.2"
                              stroke-width="3.6"
                            />
                          </svg>
                        </span>
                      </div>
                    </div>
                    <div
                      class="MuiGrid-root MuiGrid-direction-xs-row MuiGrid-grid-xs-12 MuiGrid-grid-lg-6 css-gdzu2g-MuiGrid-root"
                    >
                      <div
                        class="MuiBox-root css-11xpnnz"
                      >
                        <span
                          class="MuiCircularProgress-root MuiCircularProgress-indeterminate MuiCircularProgress-colorPrimary css-1wxecgq-MuiCircularProgress-root"
                          role="progressbar"
                          style="width: 40px; height: 40px;"
                        >
                          <svg
                            class="MuiCircularProgress-svg css-54pwck-MuiCircularProgress-svg"
                            viewBox="22 22 44 44"
                          >
                            <circle
                              class="MuiCircularProgress-circle MuiCircularProgress-circleIndeterminate css-19t5dcl-MuiCircularProgress-circle"
                              cx="44"
                              cy="44"
                              fill="none"
                              r="20.2"
                              stroke-width="3.6"
                            />
                          </svg>
                        </span>
                      </div>
                    </div>
                    <div
                      class="MuiGrid-root MuiGrid-direction-xs-row MuiGrid-grid-xs-12 MuiGrid-grid-lg-6 css-gdzu2g-MuiGrid-root"
                    >
                      <div
                        class="MuiBox-root css-11xpnnz"
                      >
                        <span
                          class="MuiCircularProgress-root MuiCircularProgress-indeterminate MuiCircularProgress-colorPrimary css-1wxecgq-MuiCircularProgress-root"
                          role="progressbar"
                          style="width: 40px; height: 40px;"
                        >
                          <svg
                            class="MuiCircularProgress-svg css-54pwck-MuiCircularProgress-svg"
                            viewBox="22 22 44 44"
                          >
                            <circle
                              class="MuiCircularProgress-circle MuiCircularProgress-circleIndeterminate css-19t5dcl-MuiCircularProgress-circle"
                              cx="44"
                              cy="44"
                              fill="none"
                              r="20.2"
                              stroke-width="3.6"
                            />
                          </svg>
                        </span>
                      </div>
                    </div>
                    <div
                      class="MuiGrid-root MuiGrid-direction-xs-row MuiGrid-grid-xs-12 MuiGrid-grid-lg-6 css-gdzu2g-MuiGrid-root"
                    >
                      <div
                        data-testid="backlog-card"
                      >
                        Backlog: 
                        No data
                      </div>
                    </div>
                  </div>
                </div>
              </div>
            </div>
          </div>
        </div>
      </div>
    </div>
    <div
      class="MuiGrid-root MuiGrid-direction-xs-row MuiGrid-grid-xs-12 css-yqiqnf-MuiGrid-root"
    >
      <div
        class="MuiPaper-root MuiPaper-elevation MuiPaper-rounded MuiPaper-elevation1 MuiAccordion-root MuiAccordion-rounded MuiAccordion-gutters css-1s17i05-MuiPaper-root-MuiAccordion-root"
        style="--Paper-shadow: 0px 2px 1px -1px rgba(0,0,0,0.2),0px 1px 1px 0px rgba(0,0,0,0.14),0px 1px 3px 0px rgba(0,0,0,0.12);"
      >
        <h3
          class="MuiAccordion-heading css-cy7rkm-MuiAccordion-heading"
        >
          <button
            aria-expanded="false"
            class="MuiButtonBase-root MuiAccordionSummary-root MuiAccordionSummary-gutters css-1f1pi2l-MuiButtonBase-root-MuiAccordionSummary-root"
            tabindex="0"
            type="button"
          >
            <span
              class="MuiAccordionSummary-content MuiAccordionSummary-contentGutters css-yfrx4k-MuiAccordionSummary-content"
            >
              <h6
                class="MuiTypography-root MuiTypography-h6 css-1miy0lu-MuiTypography-root"
              >
                📋 Content Management
              </h6>
            </span>
            <span
              class="MuiAccordionSummary-expandIconWrapper css-1wqf3nl-MuiAccordionSummary-expandIconWrapper"
            >
              <svg
                aria-hidden="true"
                class="MuiSvgIcon-root MuiSvgIcon-fontSizeMedium css-1umw9bq-MuiSvgIcon-root"
                data-testid="ExpandMoreIcon"
                focusable="false"
                viewBox="0 0 24 24"
              >
                <path
                  d="M16.59 8.59 12 13.17 7.41 8.59 6 10l6 6 6-6z"
                />
              </svg>
            </span>
          </button>
        </h3>
        <div
          class="MuiCollapse-root MuiCollapse-vertical MuiCollapse-hidden css-cwrbtg-MuiCollapse-root"
          style="min-height: 0px;"
        >
          <div
            class="MuiCollapse-wrapper MuiCollapse-vertical css-1x6hinx-MuiCollapse-wrapper"
          >
            <div
              class="MuiCollapse-wrapperInner MuiCollapse-vertical css-1i4ywhz-MuiCollapse-wrapperInner"
            >
              <div
                class="MuiAccordion-region css-at4ued-MuiAccordion-region"
                role="region"
              >
                <div
                  class="MuiAccordionDetails-root css-1lj39kh-MuiAccordionDetails-root"
                >
                  <div
                    class="MuiGrid-root MuiGrid-container MuiGrid-direction-xs-row MuiGrid-spacing-xs-2 css-zjhuaj-MuiGrid-root"
                  >
                    <div
                      class="MuiGrid-root MuiGrid-direction-xs-row MuiGrid-grid-xs-12 MuiGrid-grid-lg-6 css-gdzu2g-MuiGrid-root"
                    >
                      <div
                        class="MuiBox-root css-11xpnnz"
                      >
                        <span
                          class="MuiCircularProgress-root MuiCircularProgress-indeterminate MuiCircularProgress-colorPrimary css-1wxecgq-MuiCircularProgress-root"
                          role="progressbar"
                          style="width: 40px; height: 40px;"
                        >
                          <svg
                            class="MuiCircularProgress-svg css-54pwck-MuiCircularProgress-svg"
                            viewBox="22 22 44 44"
                          >
                            <circle
                              class="MuiCircularProgress-circle MuiCircularProgress-circleIndeterminate css-19t5dcl-MuiCircularProgress-circle"
                              cx="44"
                              cy="44"
                              fill="none"
                              r="20.2"
                              stroke-width="3.6"
                            />
                          </svg>
                        </span>
                      </div>
                    </div>
                    <div
                      class="MuiGrid-root MuiGrid-direction-xs-row MuiGrid-grid-xs-12 MuiGrid-grid-lg-6 css-gdzu2g-MuiGrid-root"
                    >
                      <div
                        class="MuiBox-root css-11xpnnz"
                      >
                        <span
                          class="MuiCircularProgress-root MuiCircularProgress-indeterminate MuiCircularProgress-colorPrimary css-1wxecgq-MuiCircularProgress-root"
                          role="progressbar"
                          style="width: 40px; height: 40px;"
                        >
                          <svg
                            class="MuiCircularProgress-svg css-54pwck-MuiCircularProgress-svg"
                            viewBox="22 22 44 44"
                          >
                            <circle
                              class="MuiCircularProgress-circle MuiCircularProgress-circleIndeterminate css-19t5dcl-MuiCircularProgress-circle"
                              cx="44"
                              cy="44"
                              fill="none"
                              r="20.2"
                              stroke-width="3.6"
                            />
                          </svg>
                        </span>
                      </div>
                    </div>
                  </div>
                </div>
              </div>
            </div>
          </div>
        </div>
      </div>
    </div>
  </div>
</div>
`;

exports[`EnhancedProfileStatisticsDashboard should match snapshot with full enhanced statistics 1`] = `
<div>
  <div
    data-testid="base-dashboard"
  >
    <h1>
      Viewing Statistics
    </h1>
    <div>
      Summary
    </div>
    <div
      class="MuiGrid-root MuiGrid-direction-xs-row MuiGrid-grid-xs-12 css-yqiqnf-MuiGrid-root"
    >
      <div
        class="MuiStack-root css-1ki9ld0-MuiStack-root"
      >
        <p
          class="MuiTypography-root MuiTypography-body2 css-15xe0i8-MuiTypography-root"
        >
          Jump to:
        </p>
        <div
          class="MuiButtonBase-root MuiChip-root MuiChip-filled MuiChip-sizeSmall MuiChip-colorDefault MuiChip-clickable MuiChip-clickableColorDefault MuiChip-filledDefault css-60cosn-MuiButtonBase-root-MuiChip-root"
          role="button"
          tabindex="0"
        >
          <span
            class="MuiChip-label MuiChip-labelSmall css-eccknh-MuiChip-label"
          >
            🏆 Milestones & Achievements
          </span>
        </div>
        <div
          class="MuiButtonBase-root MuiChip-root MuiChip-filled MuiChip-sizeSmall MuiChip-colorDefault MuiChip-clickable MuiChip-clickableColorDefault MuiChip-filledDefault css-60cosn-MuiButtonBase-root-MuiChip-root"
          role="button"
          tabindex="0"
        >
          <span
            class="MuiChip-label MuiChip-labelSmall css-eccknh-MuiChip-label"
          >
            📊 Progress & Activity
          </span>
        </div>
        <div
          class="MuiButtonBase-root MuiChip-root MuiChip-filled MuiChip-sizeSmall MuiChip-colorDefault MuiChip-clickable MuiChip-clickableColorDefault MuiChip-filledDefault css-60cosn-MuiButtonBase-root-MuiChip-root"
          role="button"
          tabindex="0"
        >
          <span
            class="MuiChip-label MuiChip-labelSmall css-eccknh-MuiChip-label"
          >
            📺 Viewing Patterns
          </span>
        </div>
        <div
          class="MuiButtonBase-root MuiChip-root MuiChip-filled MuiChip-sizeSmall MuiChip-colorDefault MuiChip-clickable MuiChip-clickableColorDefault MuiChip-filledDefault css-60cosn-MuiButtonBase-root-MuiChip-root"
          role="button"
          tabindex="0"
        >
          <span
            class="MuiChip-label MuiChip-labelSmall css-eccknh-MuiChip-label"
          >
            💡 Content Insights
          </span>
        </div>
        <div
          class="MuiButtonBase-root MuiChip-root MuiChip-filled MuiChip-sizeSmall MuiChip-colorDefault MuiChip-clickable MuiChip-clickableColorDefault MuiChip-filledDefault css-60cosn-MuiButtonBase-root-MuiChip-root"
          role="button"
          tabindex="0"
        >
          <span
            class="MuiChip-label MuiChip-labelSmall css-eccknh-MuiChip-label"
          >
            📋 Content Management
          </span>
        </div>
      </div>
    </div>
    <div
      class="MuiGrid-root MuiGrid-direction-xs-row MuiGrid-grid-xs-12 css-yqiqnf-MuiGrid-root"
    >
      <div
        class="MuiPaper-root MuiPaper-elevation MuiPaper-rounded MuiPaper-elevation1 MuiAccordion-root MuiAccordion-rounded Mui-expanded MuiAccordion-gutters css-1s17i05-MuiPaper-root-MuiAccordion-root"
        style="--Paper-shadow: 0px 2px 1px -1px rgba(0,0,0,0.2),0px 1px 1px 0px rgba(0,0,0,0.14),0px 1px 3px 0px rgba(0,0,0,0.12);"
      >
        <h3
          class="MuiAccordion-heading css-cy7rkm-MuiAccordion-heading"
        >
          <button
            aria-expanded="true"
            class="MuiButtonBase-root MuiAccordionSummary-root Mui-expanded MuiAccordionSummary-gutters css-1f1pi2l-MuiButtonBase-root-MuiAccordionSummary-root"
            tabindex="0"
            type="button"
          >
            <span
              class="MuiAccordionSummary-content Mui-expanded MuiAccordionSummary-contentGutters css-yfrx4k-MuiAccordionSummary-content"
            >
              <h6
                class="MuiTypography-root MuiTypography-h6 css-1miy0lu-MuiTypography-root"
              >
                🏆 Milestones & Achievements
              </h6>
            </span>
            <span
              class="MuiAccordionSummary-expandIconWrapper Mui-expanded css-1wqf3nl-MuiAccordionSummary-expandIconWrapper"
            >
              <svg
                aria-hidden="true"
                class="MuiSvgIcon-root MuiSvgIcon-fontSizeMedium css-1umw9bq-MuiSvgIcon-root"
                data-testid="ExpandMoreIcon"
                focusable="false"
                viewBox="0 0 24 24"
              >
                <path
                  d="M16.59 8.59 12 13.17 7.41 8.59 6 10l6 6 6-6z"
                />
              </svg>
            </span>
          </button>
        </h3>
        <div
          class="MuiCollapse-root MuiCollapse-vertical MuiCollapse-entered css-qr6njo-MuiCollapse-root"
          style="min-height: 0px;"
        >
          <div
            class="MuiCollapse-wrapper MuiCollapse-vertical css-1x6hinx-MuiCollapse-wrapper"
          >
            <div
              class="MuiCollapse-wrapperInner MuiCollapse-vertical css-1i4ywhz-MuiCollapse-wrapperInner"
            >
              <div
                class="MuiAccordion-region css-at4ued-MuiAccordion-region"
                role="region"
              >
                <div
                  class="MuiAccordionDetails-root css-1lj39kh-MuiAccordionDetails-root"
                >
                  <div
                    class="MuiGrid-root MuiGrid-container MuiGrid-direction-xs-row MuiGrid-spacing-xs-2 css-zjhuaj-MuiGrid-root"
                  >
                    <div
                      class="MuiGrid-root MuiGrid-direction-xs-row MuiGrid-grid-xs-12 css-yqiqnf-MuiGrid-root"
                    >
                      <div
                        data-testid="milestones-card"
                      >
                        Milestones: 
                        Data
                      </div>
                    </div>
                  </div>
                </div>
              </div>
            </div>
          </div>
        </div>
      </div>
    </div>
    <div
      class="MuiGrid-root MuiGrid-direction-xs-row MuiGrid-grid-xs-12 css-yqiqnf-MuiGrid-root"
    >
      <div
        class="MuiPaper-root MuiPaper-elevation MuiPaper-rounded MuiPaper-elevation1 MuiAccordion-root MuiAccordion-rounded Mui-expanded MuiAccordion-gutters css-1s17i05-MuiPaper-root-MuiAccordion-root"
        style="--Paper-shadow: 0px 2px 1px -1px rgba(0,0,0,0.2),0px 1px 1px 0px rgba(0,0,0,0.14),0px 1px 3px 0px rgba(0,0,0,0.12);"
      >
        <h3
          class="MuiAccordion-heading css-cy7rkm-MuiAccordion-heading"
        >
          <button
            aria-expanded="true"
            class="MuiButtonBase-root MuiAccordionSummary-root Mui-expanded MuiAccordionSummary-gutters css-1f1pi2l-MuiButtonBase-root-MuiAccordionSummary-root"
            tabindex="0"
            type="button"
          >
            <span
              class="MuiAccordionSummary-content Mui-expanded MuiAccordionSummary-contentGutters css-yfrx4k-MuiAccordionSummary-content"
            >
              <h6
                class="MuiTypography-root MuiTypography-h6 css-1miy0lu-MuiTypography-root"
              >
                📊 Progress & Activity
              </h6>
            </span>
            <span
              class="MuiAccordionSummary-expandIconWrapper Mui-expanded css-1wqf3nl-MuiAccordionSummary-expandIconWrapper"
            >
              <svg
                aria-hidden="true"
                class="MuiSvgIcon-root MuiSvgIcon-fontSizeMedium css-1umw9bq-MuiSvgIcon-root"
                data-testid="ExpandMoreIcon"
                focusable="false"
                viewBox="0 0 24 24"
              >
                <path
                  d="M16.59 8.59 12 13.17 7.41 8.59 6 10l6 6 6-6z"
                />
              </svg>
            </span>
          </button>
        </h3>
        <div
          class="MuiCollapse-root MuiCollapse-vertical MuiCollapse-entered css-qr6njo-MuiCollapse-root"
          style="min-height: 0px;"
        >
          <div
            class="MuiCollapse-wrapper MuiCollapse-vertical css-1x6hinx-MuiCollapse-wrapper"
          >
            <div
              class="MuiCollapse-wrapperInner MuiCollapse-vertical css-1i4ywhz-MuiCollapse-wrapperInner"
            >
              <div
                class="MuiAccordion-region css-at4ued-MuiAccordion-region"
                role="region"
              >
                <div
                  class="MuiAccordionDetails-root css-1lj39kh-MuiAccordionDetails-root"
                >
                  <div
                    class="MuiGrid-root MuiGrid-container MuiGrid-direction-xs-row MuiGrid-spacing-xs-2 css-zjhuaj-MuiGrid-root"
                  >
                    <div
                      class="MuiGrid-root MuiGrid-direction-xs-row MuiGrid-grid-xs-12 MuiGrid-grid-lg-6 css-gdzu2g-MuiGrid-root"
                    >
                      <div
                        data-testid="show-progress"
                      >
                        Active Shows Progress
                        : 
                        2
                         shows, Filters: 
                        WATCHING,UP_TO_DATE
                      </div>
                    </div>
                    <div
                      class="MuiGrid-root MuiGrid-direction-xs-row MuiGrid-grid-xs-12 MuiGrid-grid-lg-6 css-gdzu2g-MuiGrid-root"
                    >
                      <div
                        data-testid="velocity-card"
                      >
                        Velocity: 
                        Data
                      </div>
                    </div>
                    <div
                      class="MuiGrid-root MuiGrid-direction-xs-row MuiGrid-grid-xs-12 css-yqiqnf-MuiGrid-root"
                    >
                      <div
                        data-testid="timeline-chart"
                      >
                        Timeline: 
                        Data
                      </div>
                    </div>
                  </div>
                </div>
              </div>
            </div>
          </div>
        </div>
      </div>
    </div>
    <div
      class="MuiGrid-root MuiGrid-direction-xs-row MuiGrid-grid-xs-12 css-yqiqnf-MuiGrid-root"
    >
      <div
        class="MuiPaper-root MuiPaper-elevation MuiPaper-rounded MuiPaper-elevation1 MuiAccordion-root MuiAccordion-rounded MuiAccordion-gutters css-1s17i05-MuiPaper-root-MuiAccordion-root"
        style="--Paper-shadow: 0px 2px 1px -1px rgba(0,0,0,0.2),0px 1px 1px 0px rgba(0,0,0,0.14),0px 1px 3px 0px rgba(0,0,0,0.12);"
      >
        <h3
          class="MuiAccordion-heading css-cy7rkm-MuiAccordion-heading"
        >
          <button
            aria-expanded="false"
            class="MuiButtonBase-root MuiAccordionSummary-root MuiAccordionSummary-gutters css-1f1pi2l-MuiButtonBase-root-MuiAccordionSummary-root"
            tabindex="0"
            type="button"
          >
            <span
              class="MuiAccordionSummary-content MuiAccordionSummary-contentGutters css-yfrx4k-MuiAccordionSummary-content"
            >
              <h6
                class="MuiTypography-root MuiTypography-h6 css-1miy0lu-MuiTypography-root"
              >
                📺 Viewing Patterns
              </h6>
            </span>
            <span
              class="MuiAccordionSummary-expandIconWrapper css-1wqf3nl-MuiAccordionSummary-expandIconWrapper"
            >
              <svg
                aria-hidden="true"
                class="MuiSvgIcon-root MuiSvgIcon-fontSizeMedium css-1umw9bq-MuiSvgIcon-root"
                data-testid="ExpandMoreIcon"
                focusable="false"
                viewBox="0 0 24 24"
              >
                <path
                  d="M16.59 8.59 12 13.17 7.41 8.59 6 10l6 6 6-6z"
                />
              </svg>
            </span>
          </button>
        </h3>
        <div
          class="MuiCollapse-root MuiCollapse-vertical MuiCollapse-hidden css-cwrbtg-MuiCollapse-root"
          style="min-height: 0px;"
        >
          <div
            class="MuiCollapse-wrapper MuiCollapse-vertical css-1x6hinx-MuiCollapse-wrapper"
          >
            <div
              class="MuiCollapse-wrapperInner MuiCollapse-vertical css-1i4ywhz-MuiCollapse-wrapperInner"
            >
              <div
                class="MuiAccordion-region css-at4ued-MuiAccordion-region"
                role="region"
              >
                <div
                  class="MuiAccordionDetails-root css-1lj39kh-MuiAccordionDetails-root"
                >
                  <div
                    class="MuiGrid-root MuiGrid-container MuiGrid-direction-xs-row MuiGrid-spacing-xs-2 css-zjhuaj-MuiGrid-root"
                  >
                    <div
                      class="MuiGrid-root MuiGrid-direction-xs-row MuiGrid-grid-xs-12 MuiGrid-grid-lg-6 css-gdzu2g-MuiGrid-root"
                    >
                      <div
                        data-testid="binge-card"
                      >
                        Binge: 
                        Data
                      </div>
                    </div>
                    <div
                      class="MuiGrid-root MuiGrid-direction-xs-row MuiGrid-grid-xs-12 MuiGrid-grid-lg-6 css-gdzu2g-MuiGrid-root"
                    >
                      <div
                        data-testid="streak-card"
                      >
                        Streak: 
                        Data
                      </div>
                    </div>
                    <div
                      class="MuiGrid-root MuiGrid-direction-xs-row MuiGrid-grid-xs-12 MuiGrid-grid-lg-6 css-gdzu2g-MuiGrid-root"
                    >
                      <div
                        data-testid="seasonal-card"
                      >
                        Seasonal: 
                        Data
                      </div>
                    </div>
                  </div>
                </div>
              </div>
            </div>
          </div>
        </div>
      </div>
    </div>
    <div
      class="MuiGrid-root MuiGrid-direction-xs-row MuiGrid-grid-xs-12 css-yqiqnf-MuiGrid-root"
    >
      <div
        class="MuiPaper-root MuiPaper-elevation MuiPaper-rounded MuiPaper-elevation1 MuiAccordion-root MuiAccordion-rounded MuiAccordion-gutters css-1s17i05-MuiPaper-root-MuiAccordion-root"
        style="--Paper-shadow: 0px 2px 1px -1px rgba(0,0,0,0.2),0px 1px 1px 0px rgba(0,0,0,0.14),0px 1px 3px 0px rgba(0,0,0,0.12);"
      >
        <h3
          class="MuiAccordion-heading css-cy7rkm-MuiAccordion-heading"
        >
          <button
            aria-expanded="false"
            class="MuiButtonBase-root MuiAccordionSummary-root MuiAccordionSummary-gutters css-1f1pi2l-MuiButtonBase-root-MuiAccordionSummary-root"
            tabindex="0"
            type="button"
          >
            <span
              class="MuiAccordionSummary-content MuiAccordionSummary-contentGutters css-yfrx4k-MuiAccordionSummary-content"
            >
              <h6
                class="MuiTypography-root MuiTypography-h6 css-1miy0lu-MuiTypography-root"
              >
                💡 Content Insights
              </h6>
            </span>
            <span
              class="MuiAccordionSummary-expandIconWrapper css-1wqf3nl-MuiAccordionSummary-expandIconWrapper"
            >
              <svg
                aria-hidden="true"
                class="MuiSvgIcon-root MuiSvgIcon-fontSizeMedium css-1umw9bq-MuiSvgIcon-root"
                data-testid="ExpandMoreIcon"
                focusable="false"
                viewBox="0 0 24 24"
              >
                <path
                  d="M16.59 8.59 12 13.17 7.41 8.59 6 10l6 6 6-6z"
                />
              </svg>
            </span>
          </button>
        </h3>
        <div
          class="MuiCollapse-root MuiCollapse-vertical MuiCollapse-hidden css-cwrbtg-MuiCollapse-root"
          style="min-height: 0px;"
        >
          <div
            class="MuiCollapse-wrapper MuiCollapse-vertical css-1x6hinx-MuiCollapse-wrapper"
          >
            <div
              class="MuiCollapse-wrapperInner MuiCollapse-vertical css-1i4ywhz-MuiCollapse-wrapperInner"
            >
              <div
                class="MuiAccordion-region css-at4ued-MuiAccordion-region"
                role="region"
              >
                <div
                  class="MuiAccordionDetails-root css-1lj39kh-MuiAccordionDetails-root"
                >
                  <div
                    class="MuiGrid-root MuiGrid-container MuiGrid-direction-xs-row MuiGrid-spacing-xs-2 css-zjhuaj-MuiGrid-root"
                  >
                    <div
                      class="MuiGrid-root MuiGrid-direction-xs-row MuiGrid-grid-xs-12 MuiGrid-grid-lg-6 css-gdzu2g-MuiGrid-root"
                    >
                      <div
                        data-testid="content-depth"
                      >
                        Depth: 
                        Data
                      </div>
                    </div>
                    <div
                      class="MuiGrid-root MuiGrid-direction-xs-row MuiGrid-grid-xs-12 MuiGrid-grid-lg-6 css-gdzu2g-MuiGrid-root"
                    >
                      <div
                        data-testid="content-discovery"
                      >
                        Discovery: 
                        Data
                      </div>
                    </div>
                    <div
                      class="MuiGrid-root MuiGrid-direction-xs-row MuiGrid-grid-xs-12 MuiGrid-grid-lg-6 css-gdzu2g-MuiGrid-root"
                    >
                      <div
                        data-testid="time-to-watch"
                      >
                        TimeToWatch: 
                        Data
                      </div>
                    </div>
                    <div
                      class="MuiGrid-root MuiGrid-direction-xs-row MuiGrid-grid-xs-12 MuiGrid-grid-lg-6 css-gdzu2g-MuiGrid-root"
                    >
                      <div
                        data-testid="backlog-card"
                      >
                        Backlog: 
                        Data
                      </div>
                    </div>
                  </div>
                </div>
              </div>
            </div>
          </div>
        </div>
      </div>
    </div>
    <div
      class="MuiGrid-root MuiGrid-direction-xs-row MuiGrid-grid-xs-12 css-yqiqnf-MuiGrid-root"
    >
      <div
        class="MuiPaper-root MuiPaper-elevation MuiPaper-rounded MuiPaper-elevation1 MuiAccordion-root MuiAccordion-rounded MuiAccordion-gutters css-1s17i05-MuiPaper-root-MuiAccordion-root"
        style="--Paper-shadow: 0px 2px 1px -1px rgba(0,0,0,0.2),0px 1px 1px 0px rgba(0,0,0,0.14),0px 1px 3px 0px rgba(0,0,0,0.12);"
      >
        <h3
          class="MuiAccordion-heading css-cy7rkm-MuiAccordion-heading"
        >
          <button
            aria-expanded="false"
            class="MuiButtonBase-root MuiAccordionSummary-root MuiAccordionSummary-gutters css-1f1pi2l-MuiButtonBase-root-MuiAccordionSummary-root"
            tabindex="0"
            type="button"
          >
            <span
              class="MuiAccordionSummary-content MuiAccordionSummary-contentGutters css-yfrx4k-MuiAccordionSummary-content"
            >
              <h6
                class="MuiTypography-root MuiTypography-h6 css-1miy0lu-MuiTypography-root"
              >
                📋 Content Management
              </h6>
            </span>
            <span
              class="MuiAccordionSummary-expandIconWrapper css-1wqf3nl-MuiAccordionSummary-expandIconWrapper"
            >
              <svg
                aria-hidden="true"
                class="MuiSvgIcon-root MuiSvgIcon-fontSizeMedium css-1umw9bq-MuiSvgIcon-root"
                data-testid="ExpandMoreIcon"
                focusable="false"
                viewBox="0 0 24 24"
              >
                <path
                  d="M16.59 8.59 12 13.17 7.41 8.59 6 10l6 6 6-6z"
                />
              </svg>
            </span>
          </button>
        </h3>
        <div
          class="MuiCollapse-root MuiCollapse-vertical MuiCollapse-hidden css-cwrbtg-MuiCollapse-root"
          style="min-height: 0px;"
        >
          <div
            class="MuiCollapse-wrapper MuiCollapse-vertical css-1x6hinx-MuiCollapse-wrapper"
          >
            <div
              class="MuiCollapse-wrapperInner MuiCollapse-vertical css-1i4ywhz-MuiCollapse-wrapperInner"
            >
              <div
                class="MuiAccordion-region css-at4ued-MuiAccordion-region"
                role="region"
              >
                <div
                  class="MuiAccordionDetails-root css-1lj39kh-MuiAccordionDetails-root"
                >
                  <div
                    class="MuiGrid-root MuiGrid-container MuiGrid-direction-xs-row MuiGrid-spacing-xs-2 css-zjhuaj-MuiGrid-root"
                  >
                    <div
                      class="MuiGrid-root MuiGrid-direction-xs-row MuiGrid-grid-xs-12 MuiGrid-grid-lg-6 css-gdzu2g-MuiGrid-root"
                    >
                      <div
                        data-testid="abandonment-card"
                      >
                        Abandonment: 
                        Data
                      </div>
                    </div>
                    <div
                      class="MuiGrid-root MuiGrid-direction-xs-row MuiGrid-grid-xs-12 MuiGrid-grid-lg-6 css-gdzu2g-MuiGrid-root"
                    >
                      <div
                        data-testid="unaired-content"
                      >
                        Unaired: 
                        Data
                      </div>
                    </div>
                  </div>
                </div>
              </div>
            </div>
          </div>
        </div>
      </div>
    </div>
  </div>
</div>
`;

exports[`EnhancedProfileStatisticsDashboard should match snapshot without enhanced statistics 1`] = `
<div>
  <div
    data-testid="base-dashboard"
  >
    <h1>
      Viewing Statistics
    </h1>
    <div>
      Summary
    </div>
    <div
      class="MuiGrid-root MuiGrid-direction-xs-row MuiGrid-grid-xs-12 css-yqiqnf-MuiGrid-root"
    >
      <div
        class="MuiStack-root css-1ki9ld0-MuiStack-root"
      >
        <p
          class="MuiTypography-root MuiTypography-body2 css-15xe0i8-MuiTypography-root"
        >
          Jump to:
        </p>
        <div
          class="MuiButtonBase-root MuiChip-root MuiChip-filled MuiChip-sizeSmall MuiChip-colorDefault MuiChip-clickable MuiChip-clickableColorDefault MuiChip-filledDefault css-60cosn-MuiButtonBase-root-MuiChip-root"
          role="button"
          tabindex="0"
        >
          <span
            class="MuiChip-label MuiChip-labelSmall css-eccknh-MuiChip-label"
          >
            🏆 Milestones & Achievements
          </span>
        </div>
        <div
          class="MuiButtonBase-root MuiChip-root MuiChip-filled MuiChip-sizeSmall MuiChip-colorDefault MuiChip-clickable MuiChip-clickableColorDefault MuiChip-filledDefault css-60cosn-MuiButtonBase-root-MuiChip-root"
          role="button"
          tabindex="0"
        >
          <span
            class="MuiChip-label MuiChip-labelSmall css-eccknh-MuiChip-label"
          >
            📊 Progress & Activity
          </span>
        </div>
        <div
          class="MuiButtonBase-root MuiChip-root MuiChip-filled MuiChip-sizeSmall MuiChip-colorDefault MuiChip-clickable MuiChip-clickableColorDefault MuiChip-filledDefault css-60cosn-MuiButtonBase-root-MuiChip-root"
          role="button"
          tabindex="0"
        >
          <span
            class="MuiChip-label MuiChip-labelSmall css-eccknh-MuiChip-label"
          >
            📺 Viewing Patterns
          </span>
        </div>
        <div
          class="MuiButtonBase-root MuiChip-root MuiChip-filled MuiChip-sizeSmall MuiChip-colorDefault MuiChip-clickable MuiChip-clickableColorDefault MuiChip-filledDefault css-60cosn-MuiButtonBase-root-MuiChip-root"
          role="button"
          tabindex="0"
        >
          <span
            class="MuiChip-label MuiChip-labelSmall css-eccknh-MuiChip-label"
          >
            💡 Content Insights
          </span>
        </div>
        <div
          class="MuiButtonBase-root MuiChip-root MuiChip-filled MuiChip-sizeSmall MuiChip-colorDefault MuiChip-clickable MuiChip-clickableColorDefault MuiChip-filledDefault css-60cosn-MuiButtonBase-root-MuiChip-root"
          role="button"
          tabindex="0"
        >
          <span
            class="MuiChip-label MuiChip-labelSmall css-eccknh-MuiChip-label"
          >
            📋 Content Management
          </span>
        </div>
      </div>
    </div>
    <div
      class="MuiGrid-root MuiGrid-direction-xs-row MuiGrid-grid-xs-12 css-yqiqnf-MuiGrid-root"
    >
      <div
        class="MuiPaper-root MuiPaper-elevation MuiPaper-rounded MuiPaper-elevation1 MuiAccordion-root MuiAccordion-rounded Mui-expanded MuiAccordion-gutters css-1s17i05-MuiPaper-root-MuiAccordion-root"
        style="--Paper-shadow: 0px 2px 1px -1px rgba(0,0,0,0.2),0px 1px 1px 0px rgba(0,0,0,0.14),0px 1px 3px 0px rgba(0,0,0,0.12);"
      >
        <h3
          class="MuiAccordion-heading css-cy7rkm-MuiAccordion-heading"
        >
          <button
            aria-expanded="true"
            class="MuiButtonBase-root MuiAccordionSummary-root Mui-expanded MuiAccordionSummary-gutters css-1f1pi2l-MuiButtonBase-root-MuiAccordionSummary-root"
            tabindex="0"
            type="button"
          >
            <span
              class="MuiAccordionSummary-content Mui-expanded MuiAccordionSummary-contentGutters css-yfrx4k-MuiAccordionSummary-content"
            >
              <h6
                class="MuiTypography-root MuiTypography-h6 css-1miy0lu-MuiTypography-root"
              >
                🏆 Milestones & Achievements
              </h6>
            </span>
            <span
              class="MuiAccordionSummary-expandIconWrapper Mui-expanded css-1wqf3nl-MuiAccordionSummary-expandIconWrapper"
            >
              <svg
                aria-hidden="true"
                class="MuiSvgIcon-root MuiSvgIcon-fontSizeMedium css-1umw9bq-MuiSvgIcon-root"
                data-testid="ExpandMoreIcon"
                focusable="false"
                viewBox="0 0 24 24"
              >
                <path
                  d="M16.59 8.59 12 13.17 7.41 8.59 6 10l6 6 6-6z"
                />
              </svg>
            </span>
          </button>
        </h3>
        <div
          class="MuiCollapse-root MuiCollapse-vertical MuiCollapse-entered css-qr6njo-MuiCollapse-root"
          style="min-height: 0px;"
        >
          <div
            class="MuiCollapse-wrapper MuiCollapse-vertical css-1x6hinx-MuiCollapse-wrapper"
          >
            <div
              class="MuiCollapse-wrapperInner MuiCollapse-vertical css-1i4ywhz-MuiCollapse-wrapperInner"
            >
              <div
                class="MuiAccordion-region css-at4ued-MuiAccordion-region"
                role="region"
              >
                <div
                  class="MuiAccordionDetails-root css-1lj39kh-MuiAccordionDetails-root"
                >
                  <div
                    class="MuiGrid-root MuiGrid-container MuiGrid-direction-xs-row MuiGrid-spacing-xs-2 css-zjhuaj-MuiGrid-root"
                  >
                    <div
                      class="MuiGrid-root MuiGrid-direction-xs-row MuiGrid-grid-xs-12 css-yqiqnf-MuiGrid-root"
                    >
                      <div
                        data-testid="milestones-card"
                      >
                        Milestones: 
                        No data
                      </div>
                    </div>
                  </div>
                </div>
              </div>
            </div>
          </div>
        </div>
      </div>
    </div>
    <div
      class="MuiGrid-root MuiGrid-direction-xs-row MuiGrid-grid-xs-12 css-yqiqnf-MuiGrid-root"
    >
      <div
        class="MuiPaper-root MuiPaper-elevation MuiPaper-rounded MuiPaper-elevation1 MuiAccordion-root MuiAccordion-rounded Mui-expanded MuiAccordion-gutters css-1s17i05-MuiPaper-root-MuiAccordion-root"
        style="--Paper-shadow: 0px 2px 1px -1px rgba(0,0,0,0.2),0px 1px 1px 0px rgba(0,0,0,0.14),0px 1px 3px 0px rgba(0,0,0,0.12);"
      >
        <h3
          class="MuiAccordion-heading css-cy7rkm-MuiAccordion-heading"
        >
          <button
            aria-expanded="true"
            class="MuiButtonBase-root MuiAccordionSummary-root Mui-expanded MuiAccordionSummary-gutters css-1f1pi2l-MuiButtonBase-root-MuiAccordionSummary-root"
            tabindex="0"
            type="button"
          >
            <span
              class="MuiAccordionSummary-content Mui-expanded MuiAccordionSummary-contentGutters css-yfrx4k-MuiAccordionSummary-content"
            >
              <h6
                class="MuiTypography-root MuiTypography-h6 css-1miy0lu-MuiTypography-root"
              >
                📊 Progress & Activity
              </h6>
            </span>
            <span
              class="MuiAccordionSummary-expandIconWrapper Mui-expanded css-1wqf3nl-MuiAccordionSummary-expandIconWrapper"
            >
              <svg
                aria-hidden="true"
                class="MuiSvgIcon-root MuiSvgIcon-fontSizeMedium css-1umw9bq-MuiSvgIcon-root"
                data-testid="ExpandMoreIcon"
                focusable="false"
                viewBox="0 0 24 24"
              >
                <path
                  d="M16.59 8.59 12 13.17 7.41 8.59 6 10l6 6 6-6z"
                />
              </svg>
            </span>
          </button>
        </h3>
        <div
          class="MuiCollapse-root MuiCollapse-vertical MuiCollapse-entered css-qr6njo-MuiCollapse-root"
          style="min-height: 0px;"
        >
          <div
            class="MuiCollapse-wrapper MuiCollapse-vertical css-1x6hinx-MuiCollapse-wrapper"
          >
            <div
              class="MuiCollapse-wrapperInner MuiCollapse-vertical css-1i4ywhz-MuiCollapse-wrapperInner"
            >
              <div
                class="MuiAccordion-region css-at4ued-MuiAccordion-region"
                role="region"
              >
                <div
                  class="MuiAccordionDetails-root css-1lj39kh-MuiAccordionDetails-root"
                >
                  <div
                    class="MuiGrid-root MuiGrid-container MuiGrid-direction-xs-row MuiGrid-spacing-xs-2 css-zjhuaj-MuiGrid-root"
                  >
                    <div
                      class="MuiGrid-root MuiGrid-direction-xs-row MuiGrid-grid-xs-12 MuiGrid-grid-lg-6 css-gdzu2g-MuiGrid-root"
                    >
                      <div
                        data-testid="show-progress"
                      >
                        Active Shows Progress
                        : 
                        2
                         shows, Filters: 
                        WATCHING,UP_TO_DATE
                      </div>
                    </div>
                    <div
                      class="MuiGrid-root MuiGrid-direction-xs-row MuiGrid-grid-xs-12 MuiGrid-grid-lg-6 css-gdzu2g-MuiGrid-root"
                    >
                      <div
                        data-testid="velocity-card"
                      >
                        Velocity: 
                        No data
                      </div>
                    </div>
                    <div
                      class="MuiGrid-root MuiGrid-direction-xs-row MuiGrid-grid-xs-12 css-yqiqnf-MuiGrid-root"
                    >
                      <div
                        data-testid="timeline-chart"
                      >
                        Timeline: 
                        No data
                      </div>
                    </div>
                  </div>
                </div>
              </div>
            </div>
          </div>
        </div>
      </div>
    </div>
    <div
      class="MuiGrid-root MuiGrid-direction-xs-row MuiGrid-grid-xs-12 css-yqiqnf-MuiGrid-root"
    >
      <div
        class="MuiPaper-root MuiPaper-elevation MuiPaper-rounded MuiPaper-elevation1 MuiAccordion-root MuiAccordion-rounded MuiAccordion-gutters css-1s17i05-MuiPaper-root-MuiAccordion-root"
        style="--Paper-shadow: 0px 2px 1px -1px rgba(0,0,0,0.2),0px 1px 1px 0px rgba(0,0,0,0.14),0px 1px 3px 0px rgba(0,0,0,0.12);"
      >
        <h3
          class="MuiAccordion-heading css-cy7rkm-MuiAccordion-heading"
        >
          <button
            aria-expanded="false"
            class="MuiButtonBase-root MuiAccordionSummary-root MuiAccordionSummary-gutters css-1f1pi2l-MuiButtonBase-root-MuiAccordionSummary-root"
            tabindex="0"
            type="button"
          >
            <span
              class="MuiAccordionSummary-content MuiAccordionSummary-contentGutters css-yfrx4k-MuiAccordionSummary-content"
            >
              <h6
                class="MuiTypography-root MuiTypography-h6 css-1miy0lu-MuiTypography-root"
              >
                📺 Viewing Patterns
              </h6>
            </span>
            <span
              class="MuiAccordionSummary-expandIconWrapper css-1wqf3nl-MuiAccordionSummary-expandIconWrapper"
            >
              <svg
                aria-hidden="true"
                class="MuiSvgIcon-root MuiSvgIcon-fontSizeMedium css-1umw9bq-MuiSvgIcon-root"
                data-testid="ExpandMoreIcon"
                focusable="false"
                viewBox="0 0 24 24"
              >
                <path
                  d="M16.59 8.59 12 13.17 7.41 8.59 6 10l6 6 6-6z"
                />
              </svg>
            </span>
          </button>
        </h3>
        <div
          class="MuiCollapse-root MuiCollapse-vertical MuiCollapse-hidden css-cwrbtg-MuiCollapse-root"
          style="min-height: 0px;"
        >
          <div
            class="MuiCollapse-wrapper MuiCollapse-vertical css-1x6hinx-MuiCollapse-wrapper"
          >
            <div
              class="MuiCollapse-wrapperInner MuiCollapse-vertical css-1i4ywhz-MuiCollapse-wrapperInner"
            >
              <div
                class="MuiAccordion-region css-at4ued-MuiAccordion-region"
                role="region"
              >
                <div
                  class="MuiAccordionDetails-root css-1lj39kh-MuiAccordionDetails-root"
                >
                  <div
                    class="MuiGrid-root MuiGrid-container MuiGrid-direction-xs-row MuiGrid-spacing-xs-2 css-zjhuaj-MuiGrid-root"
                  >
                    <div
                      class="MuiGrid-root MuiGrid-direction-xs-row MuiGrid-grid-xs-12 MuiGrid-grid-lg-6 css-gdzu2g-MuiGrid-root"
                    >
                      <div
                        data-testid="binge-card"
                      >
                        Binge: 
                        No data
                      </div>
                    </div>
                    <div
                      class="MuiGrid-root MuiGrid-direction-xs-row MuiGrid-grid-xs-12 MuiGrid-grid-lg-6 css-gdzu2g-MuiGrid-root"
                    >
                      <div
                        data-testid="streak-card"
                      >
                        Streak: 
                        No data
                      </div>
                    </div>
                    <div
                      class="MuiGrid-root MuiGrid-direction-xs-row MuiGrid-grid-xs-12 MuiGrid-grid-lg-6 css-gdzu2g-MuiGrid-root"
                    >
                      <div
                        data-testid="seasonal-card"
                      >
                        Seasonal: 
                        No data
                      </div>
                    </div>
                  </div>
                </div>
              </div>
            </div>
          </div>
        </div>
      </div>
    </div>
    <div
      class="MuiGrid-root MuiGrid-direction-xs-row MuiGrid-grid-xs-12 css-yqiqnf-MuiGrid-root"
    >
      <div
        class="MuiPaper-root MuiPaper-elevation MuiPaper-rounded MuiPaper-elevation1 MuiAccordion-root MuiAccordion-rounded MuiAccordion-gutters css-1s17i05-MuiPaper-root-MuiAccordion-root"
        style="--Paper-shadow: 0px 2px 1px -1px rgba(0,0,0,0.2),0px 1px 1px 0px rgba(0,0,0,0.14),0px 1px 3px 0px rgba(0,0,0,0.12);"
      >
        <h3
          class="MuiAccordion-heading css-cy7rkm-MuiAccordion-heading"
        >
          <button
            aria-expanded="false"
            class="MuiButtonBase-root MuiAccordionSummary-root MuiAccordionSummary-gutters css-1f1pi2l-MuiButtonBase-root-MuiAccordionSummary-root"
            tabindex="0"
            type="button"
          >
            <span
              class="MuiAccordionSummary-content MuiAccordionSummary-contentGutters css-yfrx4k-MuiAccordionSummary-content"
            >
              <h6
                class="MuiTypography-root MuiTypography-h6 css-1miy0lu-MuiTypography-root"
              >
                💡 Content Insights
              </h6>
            </span>
            <span
              class="MuiAccordionSummary-expandIconWrapper css-1wqf3nl-MuiAccordionSummary-expandIconWrapper"
            >
              <svg
                aria-hidden="true"
                class="MuiSvgIcon-root MuiSvgIcon-fontSizeMedium css-1umw9bq-MuiSvgIcon-root"
                data-testid="ExpandMoreIcon"
                focusable="false"
                viewBox="0 0 24 24"
              >
                <path
                  d="M16.59 8.59 12 13.17 7.41 8.59 6 10l6 6 6-6z"
                />
              </svg>
            </span>
          </button>
        </h3>
        <div
          class="MuiCollapse-root MuiCollapse-vertical MuiCollapse-hidden css-cwrbtg-MuiCollapse-root"
          style="min-height: 0px;"
        >
          <div
            class="MuiCollapse-wrapper MuiCollapse-vertical css-1x6hinx-MuiCollapse-wrapper"
          >
            <div
              class="MuiCollapse-wrapperInner MuiCollapse-vertical css-1i4ywhz-MuiCollapse-wrapperInner"
            >
              <div
                class="MuiAccordion-region css-at4ued-MuiAccordion-region"
                role="region"
              >
                <div
                  class="MuiAccordionDetails-root css-1lj39kh-MuiAccordionDetails-root"
                >
                  <div
                    class="MuiGrid-root MuiGrid-container MuiGrid-direction-xs-row MuiGrid-spacing-xs-2 css-zjhuaj-MuiGrid-root"
                  >
                    <div
                      class="MuiGrid-root MuiGrid-direction-xs-row MuiGrid-grid-xs-12 MuiGrid-grid-lg-6 css-gdzu2g-MuiGrid-root"
                    >
                      <div
                        data-testid="content-depth"
                      >
                        Depth: 
                        No data
                      </div>
                    </div>
                    <div
                      class="MuiGrid-root MuiGrid-direction-xs-row MuiGrid-grid-xs-12 MuiGrid-grid-lg-6 css-gdzu2g-MuiGrid-root"
                    >
                      <div
                        data-testid="content-discovery"
                      >
                        Discovery: 
                        No data
                      </div>
                    </div>
                    <div
                      class="MuiGrid-root MuiGrid-direction-xs-row MuiGrid-grid-xs-12 MuiGrid-grid-lg-6 css-gdzu2g-MuiGrid-root"
                    >
                      <div
                        data-testid="time-to-watch"
                      >
                        TimeToWatch: 
                        No data
                      </div>
                    </div>
                    <div
                      class="MuiGrid-root MuiGrid-direction-xs-row MuiGrid-grid-xs-12 MuiGrid-grid-lg-6 css-gdzu2g-MuiGrid-root"
                    >
                      <div
                        data-testid="backlog-card"
                      >
                        Backlog: 
                        No data
                      </div>
                    </div>
                  </div>
                </div>
              </div>
            </div>
          </div>
        </div>
      </div>
    </div>
    <div
      class="MuiGrid-root MuiGrid-direction-xs-row MuiGrid-grid-xs-12 css-yqiqnf-MuiGrid-root"
    >
      <div
        class="MuiPaper-root MuiPaper-elevation MuiPaper-rounded MuiPaper-elevation1 MuiAccordion-root MuiAccordion-rounded MuiAccordion-gutters css-1s17i05-MuiPaper-root-MuiAccordion-root"
        style="--Paper-shadow: 0px 2px 1px -1px rgba(0,0,0,0.2),0px 1px 1px 0px rgba(0,0,0,0.14),0px 1px 3px 0px rgba(0,0,0,0.12);"
      >
        <h3
          class="MuiAccordion-heading css-cy7rkm-MuiAccordion-heading"
        >
          <button
            aria-expanded="false"
            class="MuiButtonBase-root MuiAccordionSummary-root MuiAccordionSummary-gutters css-1f1pi2l-MuiButtonBase-root-MuiAccordionSummary-root"
            tabindex="0"
            type="button"
          >
            <span
              class="MuiAccordionSummary-content MuiAccordionSummary-contentGutters css-yfrx4k-MuiAccordionSummary-content"
            >
              <h6
                class="MuiTypography-root MuiTypography-h6 css-1miy0lu-MuiTypography-root"
              >
                📋 Content Management
              </h6>
            </span>
            <span
              class="MuiAccordionSummary-expandIconWrapper css-1wqf3nl-MuiAccordionSummary-expandIconWrapper"
            >
              <svg
                aria-hidden="true"
                class="MuiSvgIcon-root MuiSvgIcon-fontSizeMedium css-1umw9bq-MuiSvgIcon-root"
                data-testid="ExpandMoreIcon"
                focusable="false"
                viewBox="0 0 24 24"
              >
                <path
                  d="M16.59 8.59 12 13.17 7.41 8.59 6 10l6 6 6-6z"
                />
              </svg>
            </span>
          </button>
        </h3>
        <div
          class="MuiCollapse-root MuiCollapse-vertical MuiCollapse-hidden css-cwrbtg-MuiCollapse-root"
          style="min-height: 0px;"
        >
          <div
            class="MuiCollapse-wrapper MuiCollapse-vertical css-1x6hinx-MuiCollapse-wrapper"
          >
            <div
              class="MuiCollapse-wrapperInner MuiCollapse-vertical css-1i4ywhz-MuiCollapse-wrapperInner"
            >
              <div
                class="MuiAccordion-region css-at4ued-MuiAccordion-region"
                role="region"
              >
                <div
                  class="MuiAccordionDetails-root css-1lj39kh-MuiAccordionDetails-root"
                >
                  <div
                    class="MuiGrid-root MuiGrid-container MuiGrid-direction-xs-row MuiGrid-spacing-xs-2 css-zjhuaj-MuiGrid-root"
                  >
                    <div
                      class="MuiGrid-root MuiGrid-direction-xs-row MuiGrid-grid-xs-12 MuiGrid-grid-lg-6 css-gdzu2g-MuiGrid-root"
                    >
                      <div
                        data-testid="abandonment-card"
                      >
                        Abandonment: 
                        No data
                      </div>
                    </div>
                    <div
                      class="MuiGrid-root MuiGrid-direction-xs-row MuiGrid-grid-xs-12 MuiGrid-grid-lg-6 css-gdzu2g-MuiGrid-root"
                    >
                      <div
                        data-testid="unaired-content"
                      >
                        Unaired: 
                        No data
                      </div>
                    </div>
                  </div>
                </div>
              </div>
            </div>
          </div>
        </div>
      </div>
    </div>
  </div>
</div>
`;

exports[`EnhancedProfileStatisticsDashboard should match snapshot without statistics 1`] = `
<div>
  <div
    class="MuiContainer-root MuiContainer-maxWidthXl css-12chgqh-MuiContainer-root"
  >
    <h4
      class="MuiTypography-root MuiTypography-h4 MuiTypography-gutterBottom css-1it4a80-MuiTypography-root"
    >
      Enhanced Viewing Statistics
    </h4>
    <div
      class="MuiBox-root css-12waxkz"
    >
      <h6
        class="MuiTypography-root MuiTypography-h6 css-gt8k4n-MuiTypography-root"
      >
        No statistics available
      </h6>
    </div>
  </div>
</div>
`;
